
./octez-codec encode 021-PsquebeC.fitness from '{
  "level": 1,
  "locked_round": 1,
  "predecessor_round": 1,
  "round": 2
}'
0000000101000000010000000100000002

./octez-codec decode 021-PsquebeC.fitness from 0000000101000000010000000100000002
{ "level": 1, "locked_round": 1, "predecessor_round": 1, "round": 2 }
